1 22.7552 0
2  
3 18.7566 0
4 16.6647015 0
5  
6 16.6681 0
7 27.3246 0
8  
9 43.7891 0
10 16.6687 0
11  
12 25.1267 0
13 19.6849 0
14  
15 35.0375977 0
16 16.9051 0
17  
18 26.262701 0
19 18.9497986 0
20  
21 16.6697 0
22 17.5203 0
23 16.809 0
24 31.0472012 0
25 16.8235 8
26 16.6661 0
27 20.2649 0
28 16.6689014 8
29 20.6283 0
30  
31 21.6967 8
32  
33 16.6694 0
34 17.0896 0
35 18.0156 8
36  
37 18.657999 0
38 19.7591 0
39  
40 22.6596 0
41 18.3911 8
42  
43 16.6934 0
44 22.897501 0
45  
46 18.096 0
47  
48 16.6969 0
49 34.2401 0
50  
51 29.9747 0
52  
53 18.6812 0
54 17.79 0
55  
56 27.2284 0
57  
58 30.6737 0
59 21.2571011 0
60  
